
Slashdot: News for nerds, stuff that matters

 *EFF Makes Call For DMCA Help (http://slashdot.org/article.pl?sid=00/11/22/1410207)

 *Open Source Developer's Agreement (http://slashdot.org/article.pl?sid=00/11/27/1244235)

 *If ICANN Can't, Who Can? (http://slashdot.org/article.pl?sid=00/11/26/208231)

 *Petreley On Microsoft And Linux (http://slashdot.org/article.pl?sid=00/11/27/1238222)

 *High-Speed Wireless LANs Move Forward (http://slashdot.org/article.pl?sid=00/11/27/0118255)

 *WebQL Turns the Web Into A Giant Database (http://slashdot.org/article.pl?sid=00/11/26/2245221)

 *Florida Election Votes Certified (http://slashdot.org/article.pl?sid=00/11/27/0125214)

 *MS and the DOJ Return to the Ring (http://slashdot.org/article.pl?sid=00/11/26/2012218)

 *Digital Movies and The Big Screen (http://slashdot.org/article.pl?sid=00/11/26/195223)

 *Robodex 2000 Kicks Off In Japan (http://slashdot.org/article.pl?sid=00/11/26/1651233)

